{
  "version": "1.0.6",
  "plugins_used": [
    {
      "name": "AWSKeyDetector"
    },
    {
      "name": "ArtifactoryDetector"
    },
    {
      "name": "AzureStorageKeyDetector"
    },
    {
      "name": "Base64HighEntropyString",
      "limit": 4.5
    },
    {
      "name": "BasicAuthDetector"
    },
    {
      "name": "BoxDetector"
    },
    {
      "name": "CloudantDetector"
    },
    {
      "name": "GithubTokenDetector"
    },
    {
      "name": "GitlabTokenDetector"
    },
    {
      "name": "HexHighEntropyString",
      "limit": 3.0
    },
    {
      "name": "IbmCloudIamDetector"
    },
    {
      "name": "IbmCosHmacDetector"
    },
    {
      "name": "JwtDetector"
    },
    {
      "name": "KeywordDetector",
      "limit": 3.0,
      "path": "detect_secrets.filters.common.is_not_templated_value"
    },
    {
      "name": "NpmDetector"
    },
    {
      "name": "PrivateKeyDetector"
    },
    {
      "name": "SendGridDetector"
    },
    {
      "name": "SoftlayerDetector"
    },
    {
      "name": "SquareCredentialsDetector"
    },
    {
      "name": "TwilioApiKeyDetector"
    }
  ],
  "filters_used": [
    {
      "path": "detect_secrets.filters.common.is_ignored_due_to_verification_policies"
    },
    {
      "path": "detect_secrets.filters.common.is_invalid_file"
    },
    {
      "path": "detect_secrets.filters.common.is_not_templated_value"
    },
    {
      "path": "detect_secrets.filters.common.is_quoted_string"
    }
  ],
  "results": {
    ".env.example": [
      {
        "type": "Secret Keyword",
        "line_number": 1,
        "kind": "text"
      }
    ]
  },
  "metrics": {
    "files_scanned": 1,
    "files_parsed": 1,
    "files_removed": 0,
    " secrets_sfound": 1,
    "secrets_verified": 0,
    "secrets_ignored": 0,
    "secrets_flagged": 0
  }
}